
> opengpt-github-mcp-worker@0.0.0 test
> vitest --run


 RUN  v3.2.4 /home/uieseong/workspace/opengpt-github-mcp-worker

[vpw:debug] Adding `enable_nodejs_tty_module` compatibility flag during tests as this feature is needed to support the Vitest runner.
[vpw:debug] Adding `enable_nodejs_fs_module` compatibility flag during tests as this feature is needed to support the Vitest runner.
[vpw:debug] Adding `enable_nodejs_http_modules` compatibility flag during tests as this feature is needed to support the Vitest runner.
[vpw:debug] Adding `enable_nodejs_perf_hooks_module` compatibility flag during tests as this feature is needed to support the Vitest runner.
[vpw:info] Starting single runtime for vitest.config.mts...
 ✓ test/github.spec.ts (5 tests) 384ms
stdout | test/index.spec.ts > opengpt-github-mcp-worker > creates and fetches queue jobs
{"ts":"2026-03-17T13:11:12.330Z","event":"queue_fetch","action":"job_upsert","status":200,"duration_ms":52}

stdout | test/index.spec.ts > opengpt-github-mcp-worker > creates and fetches queue jobs
{"ts":"2026-03-17T13:11:12.343Z","event":"queue_fetch","action":"job_get","status":200,"duration_ms":3}

stdout | test/index.spec.ts > opengpt-github-mcp-worker > updates queue state from webhook payload
{"ts":"2026-03-17T13:11:12.361Z","event":"queue_fetch","action":"job_upsert","status":200,"duration_ms":11}

stdout | test/index.spec.ts > opengpt-github-mcp-worker > updates queue state from webhook payload
{"ts":"2026-03-17T13:11:12.372Z","event":"workflow_run","repo":"iusung111/OpenGPT","delivery_id":null,"action":"completed"}

stdout | test/index.spec.ts > opengpt-github-mcp-worker > updates queue state from webhook payload
{"ts":"2026-03-17T13:11:12.389Z","event":"queue_fetch","action":"github_event","status":200,"duration_ms":15}

stdout | test/index.spec.ts > opengpt-github-mcp-worker > treats blocked reviews as terminal and respects review rework limit
{"ts":"2026-03-17T13:11:12.511Z","event":"queue_fetch","action":"workspace_activate","status":200,"duration_ms":11}

stdout | test/index.spec.ts > opengpt-github-mcp-worker > treats blocked reviews as terminal and respects review rework limit
{"ts":"2026-03-17T13:11:12.522Z","event":"queue_fetch","action":"job_create","status":200,"duration_ms":9}

stdout | test/index.spec.ts > opengpt-github-mcp-worker > treats blocked reviews as terminal and respects review rework limit
{"ts":"2026-03-17T13:11:12.591Z","event":"queue_fetch","action":"job_update_status","status":200,"duration_ms":18}

stdout | test/index.spec.ts > opengpt-github-mcp-worker > treats blocked reviews as terminal and respects review rework limit
{"ts":"2026-03-17T13:11:12.632Z","event":"queue_fetch","action":"job_submit_review","status":200,"duration_ms":13}

stdout | test/index.spec.ts > opengpt-github-mcp-worker > treats blocked reviews as terminal and respects review rework limit
{"ts":"2026-03-17T13:11:12.738Z","event":"queue_fetch","action":"workspace_activate","status":200,"duration_ms":13}

stdout | test/index.spec.ts > opengpt-github-mcp-worker > treats blocked reviews as terminal and respects review rework limit
{"ts":"2026-03-17T13:11:12.750Z","event":"queue_fetch","action":"job_create","status":200,"duration_ms":11}

stdout | test/index.spec.ts > opengpt-github-mcp-worker > treats blocked reviews as terminal and respects review rework limit
{"ts":"2026-03-17T13:11:12.778Z","event":"queue_fetch","action":"job_update_status","status":200,"duration_ms":9}

stdout | test/index.spec.ts > opengpt-github-mcp-worker > treats blocked reviews as terminal and respects review rework limit
{"ts":"2026-03-17T13:11:12.799Z","event":"queue_fetch","action":"job_submit_review","status":200,"duration_ms":10}

stdout | test/index.spec.ts > opengpt-github-mcp-worker > treats blocked reviews as terminal and respects review rework limit
{"ts":"2026-03-17T13:11:12.816Z","event":"queue_fetch","action":"job_submit_review","status":200,"duration_ms":2}

stdout | test/index.spec.ts > opengpt-github-mcp-worker > reconciles stale working jobs to rework when no workflow run is linked
{"ts":"2026-03-17T13:11:12.835Z","event":"queue_fetch","action":"job_upsert","status":200,"duration_ms":12}

stdout | test/index.spec.ts > opengpt-github-mcp-worker > reconciles stale working jobs to rework when no workflow run is linked
{"ts":"2026-03-17T13:11:12.885Z","event":"queue_fetch","action":"job_get","status":200,"duration_ms":9}

stdout | test/index.spec.ts > opengpt-github-mcp-worker > marks stale review jobs for visibility without changing reviewer ownership
{"ts":"2026-03-17T13:11:12.901Z","event":"queue_fetch","action":"job_upsert","status":200,"duration_ms":11}

stdout | test/index.spec.ts > opengpt-github-mcp-worker > marks stale review jobs for visibility without changing reviewer ownership
{"ts":"2026-03-17T13:11:12.951Z","event":"queue_fetch","action":"job_get","status":200,"duration_ms":11}

stdout | test/index.spec.ts > opengpt-github-mcp-worker > does not append duplicate stale review notes on repeated reads
{"ts":"2026-03-17T13:11:12.968Z","event":"queue_fetch","action":"job_upsert","status":200,"duration_ms":11}

stdout | test/index.spec.ts > opengpt-github-mcp-worker > does not append duplicate stale review notes on repeated reads
{"ts":"2026-03-17T13:11:13.017Z","event":"queue_fetch","action":"job_get","status":200,"duration_ms":10}

stdout | test/index.spec.ts > opengpt-github-mcp-worker > does not append duplicate stale review notes on repeated reads
{"ts":"2026-03-17T13:11:13.024Z","event":"queue_fetch","action":"job_get","status":200,"duration_ms":2}

stdout | test/index.spec.ts > opengpt-github-mcp-worker > preserves agent work branch when workflow_run is linked by run id from main ref
{"ts":"2026-03-17T13:11:13.039Z","event":"queue_fetch","action":"job_upsert","status":200,"duration_ms":9}

stdout | test/index.spec.ts > opengpt-github-mcp-worker > preserves agent work branch when workflow_run is linked by run id from main ref
{"ts":"2026-03-17T13:11:13.043Z","event":"workflow_run","repo":"iusung111/OpenGPT","delivery_id":null,"action":"completed"}

stdout | test/index.spec.ts > opengpt-github-mcp-worker > preserves agent work branch when workflow_run is linked by run id from main ref
{"ts":"2026-03-17T13:11:13.058Z","event":"queue_fetch","action":"github_event","status":200,"duration_ms":14}

stdout | test/index.spec.ts > opengpt-github-mcp-worker > preserves agent work branch when workflow_run is linked by run id from main ref
{"ts":"2026-03-17T13:11:13.063Z","event":"pull_request","repo":"iusung111/OpenGPT","delivery_id":null,"action":"opened"}

stdout | test/index.spec.ts > opengpt-github-mcp-worker > preserves agent work branch when workflow_run is linked by run id from main ref
{"ts":"2026-03-17T13:11:13.080Z","event":"queue_fetch","action":"github_event","status":200,"duration_ms":17}

stdout | test/index.spec.ts > opengpt-github-mcp-worker > preserves agent work branch when workflow_run is linked by run id from main ref
{"ts":"2026-03-17T13:11:13.089Z","event":"queue_fetch","action":"job_get","status":200,"duration_ms":2}

stdout | test/index.spec.ts > opengpt-github-mcp-worker > deduplicates repeated webhook deliveries by GitHub delivery id
{"ts":"2026-03-17T13:11:13.117Z","event":"queue_fetch","action":"job_upsert","status":200,"duration_ms":13}

stdout | test/index.spec.ts > opengpt-github-mcp-worker > deduplicates repeated webhook deliveries by GitHub delivery id
{"ts":"2026-03-17T13:11:13.121Z","event":"workflow_run","repo":"iusung111/OpenGPT","delivery_id":"delivery-515","action":"completed"}

stdout | test/index.spec.ts > opengpt-github-mcp-worker > deduplicates repeated webhook deliveries by GitHub delivery id
{"ts":"2026-03-17T13:11:13.134Z","event":"queue_fetch","action":"github_event","status":200,"duration_ms":13}

stdout | test/index.spec.ts > opengpt-github-mcp-worker > deduplicates repeated webhook deliveries by GitHub delivery id
{"ts":"2026-03-17T13:11:13.140Z","event":"workflow_run","repo":"iusung111/OpenGPT","delivery_id":"delivery-515","action":"completed"}

stdout | test/index.spec.ts > opengpt-github-mcp-worker > deduplicates repeated webhook deliveries by GitHub delivery id
{"ts":"2026-03-17T13:11:13.145Z","event":"queue_fetch","action":"github_event","status":200,"duration_ms":5}

stdout | test/index.spec.ts > opengpt-github-mcp-worker > evicts old delivery dedupe records when retention limit is exceeded
{"ts":"2026-03-17T13:11:13.152Z","event":"workflow_run","repo":"iusung111/OpenGPT","delivery_id":"delivery-a","action":"completed"}

stdout | test/index.spec.ts > opengpt-github-mcp-worker > evicts old delivery dedupe records when retention limit is exceeded
{"ts":"2026-03-17T13:11:13.184Z","event":"queue_fetch","action":"github_event","status":200,"duration_ms":31}

stdout | test/index.spec.ts > opengpt-github-mcp-worker > evicts old delivery dedupe records when retention limit is exceeded
{"ts":"2026-03-17T13:11:13.190Z","event":"workflow_run","repo":"iusung111/OpenGPT","delivery_id":"delivery-b","action":"completed"}

stdout | test/index.spec.ts > opengpt-github-mcp-worker > evicts old delivery dedupe records when retention limit is exceeded
{"ts":"2026-03-17T13:11:13.204Z","event":"queue_fetch","action":"github_event","status":200,"duration_ms":13}

stdout | test/index.spec.ts > opengpt-github-mcp-worker > evicts old delivery dedupe records when retention limit is exceeded
{"ts":"2026-03-17T13:11:13.212Z","event":"workflow_run","repo":"iusung111/OpenGPT","delivery_id":"delivery-c","action":"completed"}

stdout | test/index.spec.ts > opengpt-github-mcp-worker > evicts old delivery dedupe records when retention limit is exceeded
{"ts":"2026-03-17T13:11:13.226Z","event":"queue_fetch","action":"github_event","status":200,"duration_ms":14}

stdout | test/index.spec.ts > opengpt-github-mcp-worker > evicts old delivery dedupe records when retention limit is exceeded
{"ts":"2026-03-17T13:11:13.232Z","event":"workflow_run","repo":"iusung111/OpenGPT","delivery_id":"delivery-d","action":"completed"}

stdout | test/index.spec.ts > opengpt-github-mcp-worker > evicts old delivery dedupe records when retention limit is exceeded
{"ts":"2026-03-17T13:11:13.247Z","event":"queue_fetch","action":"github_event","status":200,"duration_ms":15}

stdout | test/index.spec.ts > opengpt-github-mcp-worker > evicts old delivery dedupe records when retention limit is exceeded
{"ts":"2026-03-17T13:11:13.255Z","event":"workflow_run","repo":"iusung111/OpenGPT","delivery_id":"delivery-a","action":"completed"}

stdout | test/index.spec.ts > opengpt-github-mcp-worker > evicts old delivery dedupe records when retention limit is exceeded
{"ts":"2026-03-17T13:11:13.272Z","event":"queue_fetch","action":"github_event","status":200,"duration_ms":16}

stdout | test/index.spec.ts > opengpt-github-mcp-worker > serves MCP tools and queue actions over /mcp
{"ts":"2026-03-17T13:11:13.363Z","event":"queue_fetch","action":"workspace_activate","status":200,"duration_ms":11}

stdout | test/index.spec.ts > opengpt-github-mcp-worker > serves MCP tools and queue actions over /mcp
{"ts":"2026-03-17T13:11:13.378Z","event":"queue_fetch","action":"job_create","status":200,"duration_ms":13}

stdout | test/index.spec.ts > opengpt-github-mcp-worker > serves MCP tools and queue actions over /mcp
{"ts":"2026-03-17T13:11:13.399Z","event":"queue_fetch","action":"job_get","status":200,"duration_ms":5}

stdout | test/index.spec.ts > opengpt-github-mcp-worker > serves MCP tools and queue actions over /mcp
{"ts":"2026-03-17T13:11:13.435Z","event":"queue_fetch","action":"job_append_note","status":200,"duration_ms":16}

stdout | test/index.spec.ts > opengpt-github-mcp-worker > serves MCP tools and queue actions over /mcp
{"ts":"2026-03-17T13:11:13.462Z","event":"queue_fetch","action":"job_progress","status":200,"duration_ms":4}

stdout | test/index.spec.ts > opengpt-github-mcp-worker > serves MCP tools and queue actions over /mcp
{"ts":"2026-03-17T13:11:13.486Z","event":"queue_fetch","action":"audit_list","status":200,"duration_ms":2}

stdout | test/index.spec.ts > opengpt-github-mcp-worker > serves MCP tools and queue actions over /mcp
{"ts":"2026-03-17T13:11:13.531Z","event":"queue_fetch","action":"workspace_register","status":200,"duration_ms":11}

stdout | test/index.spec.ts > opengpt-github-mcp-worker > serves MCP tools and queue actions over /mcp
{"ts":"2026-03-17T13:11:13.545Z","event":"queue_fetch","action":"workspace_activate","status":200,"duration_ms":13}

stdout | test/index.spec.ts > opengpt-github-mcp-worker > serves MCP tools and queue actions over /mcp
{"ts":"2026-03-17T13:11:13.566Z","event":"queue_fetch","action":"workspace_get","status":200,"duration_ms":5}

stdout | test/index.spec.ts > opengpt-github-mcp-worker > serves MCP tools and queue actions over /mcp
{"ts":"2026-03-17T13:11:13.571Z","event":"queue_fetch","action":"workspace_find_similar","status":200,"duration_ms":4}

stdout | test/index.spec.ts > opengpt-github-mcp-worker > keeps a single active workspace and sorts workspace_list by active repo first
{"ts":"2026-03-17T13:11:13.814Z","event":"queue_fetch","action":"workspace_register","status":200,"duration_ms":30}

stdout | test/index.spec.ts > opengpt-github-mcp-worker > keeps a single active workspace and sorts workspace_list by active repo first
{"ts":"2026-03-17T13:11:13.826Z","event":"queue_fetch","action":"workspace_activate","status":200,"duration_ms":10}

stdout | test/index.spec.ts > opengpt-github-mcp-worker > keeps a single active workspace and sorts workspace_list by active repo first
{"ts":"2026-03-17T13:11:13.857Z","event":"queue_fetch","action":"workspace_register","status":200,"duration_ms":11}

stdout | test/index.spec.ts > opengpt-github-mcp-worker > keeps a single active workspace and sorts workspace_list by active repo first
{"ts":"2026-03-17T13:11:13.867Z","event":"queue_fetch","action":"workspace_activate","status":200,"duration_ms":9}

stdout | test/index.spec.ts > opengpt-github-mcp-worker > keeps a single active workspace and sorts workspace_list by active repo first
{"ts":"2026-03-17T13:11:13.893Z","event":"queue_fetch","action":"workspace_activate","status":200,"duration_ms":10}

stdout | test/index.spec.ts > opengpt-github-mcp-worker > keeps a single active workspace and sorts workspace_list by active repo first
{"ts":"2026-03-17T13:11:13.910Z","event":"queue_fetch","action":"workspace_list","status":200,"duration_ms":3}

stdout | test/index.spec.ts > opengpt-github-mcp-worker > keeps a single active workspace and sorts workspace_list by active repo first
{"ts":"2026-03-17T13:11:13.955Z","event":"queue_fetch","action":"workspace_activate","status":200,"duration_ms":15}

stdout | test/index.spec.ts > opengpt-github-mcp-worker > keeps a single active workspace and sorts workspace_list by active repo first
{"ts":"2026-03-17T13:11:13.971Z","event":"queue_fetch","action":"workspace_list","status":200,"duration_ms":3}

stdout | test/index.spec.ts > opengpt-github-mcp-worker > returns a concise job progress snapshot with recent notes and audits
{"ts":"2026-03-17T13:11:14.031Z","event":"queue_fetch","action":"workspace_activate","status":200,"duration_ms":8}

stdout | test/index.spec.ts > opengpt-github-mcp-worker > returns a concise job progress snapshot with recent notes and audits
{"ts":"2026-03-17T13:11:14.042Z","event":"queue_fetch","action":"job_create","status":200,"duration_ms":9}

stdout | test/index.spec.ts > opengpt-github-mcp-worker > returns a concise job progress snapshot with recent notes and audits
{"ts":"2026-03-17T13:11:14.071Z","event":"queue_fetch","action":"job_update_status","status":200,"duration_ms":13}

stdout | test/index.spec.ts > opengpt-github-mcp-worker > returns a concise job progress snapshot with recent notes and audits
{"ts":"2026-03-17T13:11:14.098Z","event":"queue_fetch","action":"job_append_note","status":200,"duration_ms":10}

stdout | test/index.spec.ts > opengpt-github-mcp-worker > returns a concise job progress snapshot with recent notes and audits
{"ts":"2026-03-17T13:11:14.122Z","event":"queue_fetch","action":"job_append_note","status":200,"duration_ms":11}

stdout | test/index.spec.ts > opengpt-github-mcp-worker > returns a concise job progress snapshot with recent notes and audits
{"ts":"2026-03-17T13:11:14.149Z","event":"queue_fetch","action":"job_progress","status":200,"duration_ms":11}

stdout | test/index.spec.ts > opengpt-github-mcp-worker > retains only the most recent audit records per configured limit
{"ts":"2026-03-17T13:11:14.217Z","event":"queue_fetch","action":"workspace_activate","status":200,"duration_ms":10}

stdout | test/index.spec.ts > opengpt-github-mcp-worker > retains only the most recent audit records per configured limit
{"ts":"2026-03-17T13:11:14.230Z","event":"queue_fetch","action":"job_create","status":200,"duration_ms":12}

stdout | test/index.spec.ts > opengpt-github-mcp-worker > retains only the most recent audit records per configured limit
{"ts":"2026-03-17T13:11:14.261Z","event":"queue_fetch","action":"job_append_note","status":200,"duration_ms":18}

stdout | test/index.spec.ts > opengpt-github-mcp-worker > retains only the most recent audit records per configured limit
{"ts":"2026-03-17T13:11:14.289Z","event":"queue_fetch","action":"job_append_note","status":200,"duration_ms":10}

stdout | test/index.spec.ts > opengpt-github-mcp-worker > retains only the most recent audit records per configured limit
{"ts":"2026-03-17T13:11:14.324Z","event":"queue_fetch","action":"job_append_note","status":200,"duration_ms":12}

stdout | test/index.spec.ts > opengpt-github-mcp-worker > retains only the most recent audit records per configured limit
{"ts":"2026-03-17T13:11:14.349Z","event":"queue_fetch","action":"job_append_note","status":200,"duration_ms":10}

stdout | test/index.spec.ts > opengpt-github-mcp-worker > retains only the most recent audit records per configured limit
{"ts":"2026-03-17T13:11:14.373Z","event":"queue_fetch","action":"job_append_note","status":200,"duration_ms":11}

stdout | test/index.spec.ts > opengpt-github-mcp-worker > retains only the most recent audit records per configured limit
{"ts":"2026-03-17T13:11:14.404Z","event":"queue_fetch","action":"job_append_note","status":200,"duration_ms":14}

stdout | test/index.spec.ts > opengpt-github-mcp-worker > retains only the most recent audit records per configured limit
{"ts":"2026-03-17T13:11:14.419Z","event":"queue_fetch","action":"audit_list","status":200,"duration_ms":3}

stdout | test/index.spec.ts > opengpt-github-mcp-worker > returns specific failure code when workflow dispatch is not allowlisted
{"ts":"2026-03-17T13:11:14.488Z","event":"queue_fetch","action":"workspace_activate","status":200,"duration_ms":13}

stdout | test/index.spec.ts > opengpt-github-mcp-worker > returns specific failure code when workflow dispatch is not allowlisted
{"ts":"2026-03-17T13:11:14.499Z","event":"workflow_dispatch_error","owner":"iusung111","repo":"OpenGPT","workflow_id":"not-allowed.yml","ref":"main","duration_ms":24,"error":"workflow not allowlisted: not-allowed.yml"}
{"ts":"2026-03-17T13:11:14.500Z","event":"workflow_dispatch_complete","owner":"iusung111","repo":"OpenGPT","workflow_id":"not-allowed.yml","ref":"main","duration_ms":25}

stdout | test/index.spec.ts > opengpt-github-mcp-worker > deduplicates repeated workflow dispatch requests for the same working job
{"ts":"2026-03-17T13:11:14.555Z","event":"queue_fetch","action":"job_upsert","status":200,"duration_ms":11}

stdout | test/index.spec.ts > opengpt-github-mcp-worker > deduplicates repeated workflow dispatch requests for the same working job
{"ts":"2026-03-17T13:11:14.581Z","event":"queue_fetch","action":"workspace_activate","status":200,"duration_ms":13}

stdout | test/index.spec.ts > opengpt-github-mcp-worker > deduplicates repeated workflow dispatch requests for the same working job
{"ts":"2026-03-17T13:11:14.586Z","event":"queue_fetch","action":"job_get","status":200,"duration_ms":4}

stdout | test/index.spec.ts > opengpt-github-mcp-worker > deduplicates repeated workflow dispatch requests for the same working job
{"ts":"2026-03-17T13:11:14.587Z","event":"workflow_dispatch_deduplicated","owner":"iusung111","repo":"OpenGPT","workflow_id":"agent-run.yml","ref":"main","job_id":"job-dispatch-dedupe","auto_improve_cycle":0}
{"ts":"2026-03-17T13:11:14.587Z","event":"workflow_dispatch_complete","owner":"iusung111","repo":"OpenGPT","workflow_id":"agent-run.yml","ref":"main","duration_ms":19}

stdout | test/index.spec.ts > opengpt-github-mcp-worker > rejects unsafe workspace registration paths
{"ts":"2026-03-17T13:11:14.655Z","event":"queue_action_failed","path":"/queue","error":"unsafe workspace path: ../unsafe"}

stdout | test/index.spec.ts > opengpt-github-mcp-worker > rejects unsafe workspace registration paths
{"ts":"2026-03-17T13:11:14.656Z","event":"queue_fetch","action":"workspace_register","status":400,"duration_ms":6}

stdout | test/index.spec.ts > opengpt-github-mcp-worker > rejects unsafe workspace registration paths
{"ts":"2026-03-17T13:11:14.675Z","event":"queue_fetch","action":"workspace_activate","status":200,"duration_ms":18}

 ✓ test/index.spec.ts (19 tests) 2417ms
   ✓ opengpt-github-mcp-worker > treats blocked reviews as terminal and respects review rework limit  429ms

 Test Files  2 passed (2)
      Tests  24 passed (24)
   Start at  22:11:07
   Duration  7.24s (transform 338ms, setup 0ms, collect 1.77s, tests 2.80s, environment 1ms, prepare 968ms)

[vpw:debug] Shutting down runtimes...
[vpw:debug] Disposing remote proxy sessions...
